
zjansen@DESKTOP-7O1V4KR MINGW64 ~
$ cd Y:\Research

zjansen@DESKTOP-7O1V4KR MINGW64 /y/Research
$ git init
Initialized empty Git repository in Y:/Research/.git/

zjansen@DESKTOP-7O1V4KR MINGW64 /y/Research (master)
$ git remote add origin https://zjansen13@bitbucket.org/duresearch2016/wildlife-repo.git

zjansen@DESKTOP-7O1V4KR MINGW64 /y/Research (master)
$ git status
On branch master

Initial commit

Untracked files:
  (use "git add <file>..." to include in what will be committed)

        Test.txt

nothing added to commit but untracked files present (use "git add" to track)

zjansen@DESKTOP-7O1V4KR MINGW64 /y/Research (master)
$ git add Test.txt

zjansen@DESKTOP-7O1V4KR MINGW64 /y/Research (master)
$ git commit -m 'First Commit Test'
[master (root-commit) 0212c61] First Commit Test
 Committer: Zach Jansen <zjansen@drury.edu>
Your name and email address were configured automatically based
on your username and hostname. Please check that they are accurate.
You can suppress this message by setting them explicitly. Run the
following command and follow the instructions in your editor to edit
your configuration file:

    git config --global --edit

After doing this, you may fix the identity used for this commit with:

    git commit --amend --reset-author

 1 file changed, 1 insertion(+)
 create mode 100644 Test.txt

zjansen@DESKTOP-7O1V4KR MINGW64 /y/Research (master)
$ git status
On branch master
nothing to commit, working directory clean

zjansen@DESKTOP-7O1V4KR MINGW64 /y/Research (master)
$ echo "zjansen13 NA" >> Test.txt

zjansen@DESKTOP-7O1V4KR MINGW64 /y/Research (master)
$ git add Test.txt
warning: LF will be replaced by CRLF in Test.txt.
The file will have its original line endings in your working directory.

zjansen@DESKTOP-7O1V4KR MINGW64 /y/Research (master)
$ git commit -m 'Initial Commit'
[master warning: LF will be replaced by CRLF in Test.txt.
The file will have its original line endings in your working directory.
ae679b5] Initial Commit
 Committer: Zach Jansen <zjansen@drury.edu>
Your name and email address were configured automatically based
on your username and hostname. Please check that they are accurate.
You can suppress this message by setting them explicitly. Run the
following command and follow the instructions in your editor to edit
your configuration file:

    git config --global --edit

After doing this, you may fix the identity used for this commit with:

    git commit --amend --reset-author

warning: LF will be replaced by CRLF in Test.txt.
The file will have its original line endings in your working directory.
 1 file changed, 1 insertion(+), 1 deletion(-)

zjansen@DESKTOP-7O1V4KR MINGW64 /y/Research (master)
$ git push -u origin master
Counting objects: 6, done.
Delta compression using up to 8 threads.
Compressing objects: 100% (2/2), done.
Writing objects: 100% (6/6), 455 bytes | 0 bytes/s, done.
Total 6 (delta 0), reused 0 (delta 0)
To https://zjansen13@bitbucket.org/duresearch2016/wildlife-repo.git
 * [new branch]      master -> master
Branch master set up to track remote branch master from origin.

zjansen@DESKTOP-7O1V4KR MINGW64 /y/Research (master)
$ git status
On branch master
Your branch is up-to-date with 'origin/master'.
nothing to commit, working directory clean

zjansen@DESKTOP-7O1V4KR MINGW64 /y/Research (master)
$ git status
On branch master
Your branch is up-to-date with 'origin/master'.
nothing to commit, working directory clean

zjansen@DESKTOP-7O1V4KR MINGW64 /y/Research (master)
$
